// Jest Snapshot v1, https://goo.gl/fbAQLP

exports[`prettyJSON stdout must be the same 1`] = `
"[1m[37m foo:   [39m[22m[32m'bar'[39m
[1m[37m hello: [39m[22m[32m'world'[39m
[1m[37m arr:   [39m[22m[90m[[39m
    [36m1[39m[90m, [39m[36m2[39m[90m, [39m[36m3[39m
 [90m][39m
"
`;
